../Core/Src/main.c:88:6:HAL_UART_RxCpltCallback	24	static,ignoring_inline_asm
../Core/Src/main.c:144:6:HAL_TIM_IC_CaptureCallback	16	static
../Core/Src/main.c:167:5:main	8	static
../Core/Src/main.c:258:6:SystemClock_Config	88	static
../Core/Src/main.c:312:13:MX_TIM2_Init	64	static
../Core/Src/main.c:371:13:MX_TIM3_Init	72	static
../Core/Src/main.c:445:13:MX_USART2_UART_Init	8	static
../Core/Src/main.c:476:13:MX_DMA_Init	16	static
../Core/Src/main.c:494:13:MX_GPIO_Init	40	static
../Core/Src/main.c:541:6:StartDefaultTask	16	static
../Core/Src/main.c:560:6:HAL_TIM_PeriodElapsedCallback	16	static
../Core/Src/main.c:578:6:Error_Handler	4	static,ignoring_inline_asm
