../Core/Src/main.c:80:6:HAL_UART_RxCpltCallback	24	static,ignoring_inline_asm
../Core/Src/main.c:136:6:HAL_TIM_IC_CaptureCallback	16	static
../Core/Src/main.c:159:5:main	8	static
../Core/Src/main.c:246:6:SystemClock_Config	88	static
../Core/Src/main.c:300:13:MX_TIM2_Init	64	static
../Core/Src/main.c:359:13:MX_TIM3_Init	72	static
../Core/Src/main.c:433:13:MX_USART2_UART_Init	8	static
../Core/Src/main.c:466:13:MX_GPIO_Init	40	static
../Core/Src/main.c:513:6:StartDefaultTask	16	static
../Core/Src/main.c:532:6:HAL_TIM_PeriodElapsedCallback	16	static
../Core/Src/main.c:550:6:Error_Handler	4	static,ignoring_inline_asm
