../Core/Src/main.c:78:5:main	480	static
../Core/Src/main.c:226:6:SystemClock_Config	88	static
../Core/Src/main.c:267:13:MX_I2C2_Init	8	static
../Core/Src/main.c:300:13:MX_USART6_UART_Init	8	static
../Core/Src/main.c:332:13:MX_GPIO_Init	16	static
../Core/Src/main.c:346:8:bme68x_i2c_read	48	static
../Core/Src/main.c:353:8:bme68x_i2c_write	48	static
../Core/Src/main.c:361:6:bme68x_delay_us	16	static
../Core/Src/main.c:365:6:I2C_Scan	72	static
../Core/Src/main.c:385:6:Error_Handler	4	static,ignoring_inline_asm
