../Core/Src/main.c:68:5:main	24	static,ignoring_inline_asm
../Core/Src/main.c:99:5:__io_putchar	16	static
../Core/Src/main.c:112:6:Task1	16	static
../Core/Src/main.c:123:6:Task2	16	static
../Core/Src/main.c:133:6:HAL_UART_RxCpltCallback	24	static,ignoring_inline_asm
../Core/Src/main.c:148:6:uartProcessingTask	40	static
../Core/Src/main.c:203:6:SystemClock_Config	88	static
../Core/Src/main.c:250:13:MX_TIM2_Init	72	static
../Core/Src/main.c:306:13:MX_USART2_UART_Init	8	static
../Core/Src/main.c:328:13:MX_GPIO_Init	40	static
../Core/Src/main.c:356:6:StartDefaultTask	16	static
../Core/Src/main.c:370:6:Error_Handler	4	static,ignoring_inline_asm
