../Core/Src/main.c:61:5:__io_putchar	16	static
../Core/Src/main.c:103:6:HAL_UART_RxCpltCallback	24	static,ignoring_inline_asm
../Core/Src/main.c:118:6:uartProcessingTask	24	static
../Core/Src/main.c:132:5:main	24	static,ignoring_inline_asm
../Core/Src/main.c:171:6:Task1	16	static
../Core/Src/main.c:180:6:Task2	16	static
../Core/Src/main.c:232:6:SystemClock_Config	88	static
../Core/Src/main.c:280:13:MX_TIM2_Init	64	static
../Core/Src/main.c:331:13:MX_USART2_UART_Init	8	static
../Core/Src/main.c:355:13:MX_GPIO_Init	40	static
../Core/Src/main.c:384:6:StartDefaultTask	16	static
../Core/Src/main.c:398:6:Error_Handler	4	static,ignoring_inline_asm
